gitflic_legioner9 tgu_tst carp
gitflic_legioner9 tgu_tst carppafcp
gitflic_legioner9 tgu_tst ppafcp
gitflic_legioner9 tgu_tst only_add_files
gitflic_legioner9 tgu_tst only_add_remote
gitflic_legioner9 tgu_tst only_clone_pull
gitflic_legioner9 main carp
gitflic_legioner9 main carppafcp
gitflic_legioner9 main ppafcp
gitflic_legioner9 main only_add_files
gitflic_legioner9 main only_add_remote
gitflic_legioner9 main only_clone_pull
gitflic_legioner9 main_all carp
gitflic_legioner9 main_all carppafcp
gitflic_legioner9 main_all ppafcp
gitflic_legioner9 main_all only_add_files
gitflic_legioner9 main_all only_add_remote
gitflic_legioner9 main_all only_clone_pull
gitflic_legioner9 only_clone carp
gitflic_legioner9 only_clone carppafcp
gitflic_legioner9 only_clone ppafcp
gitflic_legioner9 only_clone only_add_files
gitflic_legioner9 only_clone only_add_remote
gitflic_legioner9 only_clone only_clone_pull
gitflic_legioner9 single carp
gitflic_legioner9 single carppafcp
gitflic_legioner9 single ppafcp
gitflic_legioner9 single only_add_files
gitflic_legioner9 single only_add_remote
gitflic_legioner9 single only_clone_pull
gitflic_legioner9 plt carp
gitflic_legioner9 plt carppafcp
gitflic_legioner9 plt ppafcp
gitflic_legioner9 plt only_add_files
gitflic_legioner9 plt only_add_remote
gitflic_legioner9 plt only_clone_pull
github_legioner9 tgu_tst carp
github_legioner9 tgu_tst carppafcp
github_legioner9 tgu_tst ppafcp
github_legioner9 tgu_tst only_add_files
github_legioner9 tgu_tst only_add_remote
github_legioner9 tgu_tst only_clone_pull
github_legioner9 main carp
github_legioner9 main carppafcp
github_legioner9 main ppafcp
github_legioner9 main only_add_files
github_legioner9 main only_add_remote
github_legioner9 main only_clone_pull
github_legioner9 main_all carp
github_legioner9 main_all carppafcp
github_legioner9 main_all ppafcp
github_legioner9 main_all only_add_files
github_legioner9 main_all only_add_remote
github_legioner9 main_all only_clone_pull
github_legioner9 only_clone carp
github_legioner9 only_clone carppafcp
github_legioner9 only_clone ppafcp
github_legioner9 only_clone only_add_files
github_legioner9 only_clone only_add_remote
github_legioner9 only_clone only_clone_pull
github_legioner9 single carp
github_legioner9 single carppafcp
github_legioner9 single ppafcp
github_legioner9 single only_add_files
github_legioner9 single only_add_remote
github_legioner9 single only_clone_pull
github_legioner9 plt carp
github_legioner9 plt carppafcp
github_legioner9 plt ppafcp
github_legioner9 plt only_add_files
github_legioner9 plt only_add_remote
github_legioner9 plt only_clone_pull
MY_ONE tgu_tst carp
MY_ONE tgu_tst carppafcp
MY_ONE tgu_tst ppafcp
MY_ONE tgu_tst only_add_files
MY_ONE tgu_tst only_add_remote
MY_ONE tgu_tst only_clone_pull
MY_ONE main carp
MY_ONE main carppafcp
MY_ONE main ppafcp
MY_ONE main only_add_files
MY_ONE main only_add_remote
MY_ONE main only_clone_pull
MY_ONE main_all carp
MY_ONE main_all carppafcp
MY_ONE main_all ppafcp
MY_ONE main_all only_add_files
MY_ONE main_all only_add_remote
MY_ONE main_all only_clone_pull
MY_ONE only_clone carp
MY_ONE only_clone carppafcp
MY_ONE only_clone ppafcp
MY_ONE only_clone only_add_files
MY_ONE only_clone only_add_remote
MY_ONE only_clone only_clone_pull
MY_ONE single carp
MY_ONE single carppafcp
MY_ONE single ppafcp
MY_ONE single only_add_files
MY_ONE single only_add_remote
MY_ONE single only_clone_pull
MY_ONE plt carp
MY_ONE plt carppafcp
MY_ONE plt ppafcp
MY_ONE plt only_add_files
MY_ONE plt only_add_remote
MY_ONE plt only_clone_pull
TOSH tgu_tst carp
TOSH tgu_tst carppafcp
TOSH tgu_tst ppafcp
TOSH tgu_tst only_add_files
TOSH tgu_tst only_add_remote
TOSH tgu_tst only_clone_pull
TOSH main carp
TOSH main carppafcp
TOSH main ppafcp
TOSH main only_add_files
TOSH main only_add_remote
TOSH main only_clone_pull
TOSH main_all carp
TOSH main_all carppafcp
TOSH main_all ppafcp
TOSH main_all only_add_files
TOSH main_all only_add_remote
TOSH main_all only_clone_pull
TOSH only_clone carp
TOSH only_clone carppafcp
TOSH only_clone ppafcp
TOSH only_clone only_add_files
TOSH only_clone only_add_remote
TOSH only_clone only_clone_pull
TOSH single carp
TOSH single carppafcp
TOSH single ppafcp
TOSH single only_add_files
TOSH single only_add_remote
TOSH single only_clone_pull
TOSH plt carp
TOSH plt carppafcp
TOSH plt ppafcp
TOSH plt only_add_files
TOSH plt only_add_remote
TOSH plt only_clone_pull
TOSHIBA_EXT tgu_tst carp
TOSHIBA_EXT tgu_tst carppafcp
TOSHIBA_EXT tgu_tst ppafcp
TOSHIBA_EXT tgu_tst only_add_files
TOSHIBA_EXT tgu_tst only_add_remote
TOSHIBA_EXT tgu_tst only_clone_pull
TOSHIBA_EXT main carp
TOSHIBA_EXT main carppafcp
TOSHIBA_EXT main ppafcp
TOSHIBA_EXT main only_add_files
TOSHIBA_EXT main only_add_remote
TOSHIBA_EXT main only_clone_pull
TOSHIBA_EXT main_all carp
TOSHIBA_EXT main_all carppafcp
TOSHIBA_EXT main_all ppafcp
TOSHIBA_EXT main_all only_add_files
TOSHIBA_EXT main_all only_add_remote
TOSHIBA_EXT main_all only_clone_pull
TOSHIBA_EXT only_clone carp
TOSHIBA_EXT only_clone carppafcp
TOSHIBA_EXT only_clone ppafcp
TOSHIBA_EXT only_clone only_add_files
TOSHIBA_EXT only_clone only_add_remote
TOSHIBA_EXT only_clone only_clone_pull
TOSHIBA_EXT single carp
TOSHIBA_EXT single carppafcp
TOSHIBA_EXT single ppafcp
TOSHIBA_EXT single only_add_files
TOSHIBA_EXT single only_add_remote
TOSHIBA_EXT single only_clone_pull
TOSHIBA_EXT plt carp
TOSHIBA_EXT plt carppafcp
TOSHIBA_EXT plt ppafcp
TOSHIBA_EXT plt only_add_files
TOSHIBA_EXT plt only_add_remote
TOSHIBA_EXT plt only_clone_pull
